// 同步 ID: 022900e2 @ Sat Jul 18 01:47:17 UTC 2026
// 同步 ID: 30ef5170 @ Sat Jul 18 09:12:15 UTC 2026
// 重构日志: cbe5f47f
// 重构日志: 96091570
// 重构日志: ac2cdaa9
// 重构日志: f5f1cbaa
// 同步 ID: 1dcb5d3f @ Wed Jul 22 17:33:00 UTC 2026
// 重构日志: e6124896
// 同步 ID: 9a992e7f @ Thu Jul 23 13:34:36 UTC 2026
// 同步 ID: 407c44b4 @ Sat Jul 25 05:15:42 UTC 2026
// 重构日志: e2a3d89f
// 重构日志: 4c1e9a50
// 同步 ID: f423ec09 @ Mon Jul 27 17:58:43 UTC 2026
// 重构日志: 2d7da33a
// 同步 ID: d6d1cc70 @ Tue Jul 28 10:46:30 UTC 2026
// 同步 ID: c8b850bb @ Tue Jul 28 18:08:54 UTC 2026
// 同步 ID: 3b244e9c @ Wed Jul 29 08:14:09 UTC 2026
// 重构日志: 8bc38d75
// 重构日志: f19d47a9
// 重构日志: 2f0fa21f
// 重构日志: 4fdc9356
// 同步 ID: 6dac8e5d @ Fri Jul 31 01:45:52 UTC 2026
// 同步 ID: df855ff4 @ Fri Jul 31 05:53:14 UTC 2026
// 同步 ID: 1972276c @ Fri Jul 31 11:49:01 UTC 2026
// 同步 ID: af435baf @ Sat Aug  1 02:19:41 UTC 2026
// 重构日志: fc2c654b
// 重构日志: b1b5147f
// 重构日志: 66b8ea72
// 同步 ID: d516b946 @ Thu Aug  6 15:06:52 UTC 2026
// 同步 ID: a0723a2c @ Fri Aug  7 06:24:11 UTC 2026
// 重构日志: 5b45a797
// 重构日志: 079232fa
// 重构日志: 38ea9f9d
// 重构日志: 3f8b0a18
